// Jest Snapshot v1, https://goo.gl/fbAQLP

exports[`JustificationsPage Shows a justified proposition 1`] = `
<div>
  <div
    id="justifications-page"
  >
    <div
      class="md-grid md-grid--top"
    >
      <div
        class="md-cell md-cell--12"
      >
        <div
          class="root-target-background"
        >
          <div
            class="md-paper md-paper--1 md-card md-background--card root-target-card"
          >
            <section
              class="md-card-text root-target-card-contents"
            >
              <div
                class="entity-viewer"
              >
                <div
                  class="entity-viewer--header"
                >
                  <a
                    href="/p/1"
                  >
                    <i
                      class="md-icon material-icons"
                      role="presentation"
                      title="Proposition"
                    >
                      short_text
                    </i>
                  </a>
                </div>
                <div
                  class="entity-viewer--entity"
                >
                  <div
                    class="proposition-viewer"
                    id="justifications-page--root-target--proposition-entity-viewer"
                  >
                    <div
                      class="proposition-viewer"
                    >
                      <div
                        class="proposition-text"
                      >
                        <a
                          href="/p/1"
                        >
                          the-proposition-text
                           
                        </a>
                      </div>
                      <div>
                        <span
                          class="entity-status-text"
                        >
                          created
                          
                           
                          <span
                            title="12 Jan 2023 8:23:00 AM"
                          >
                            12 hours ago
                          </span>
                        </span>
                      </div>
                    </div>
                  </div>
                </div>
                <div
                  aria-expanded="false"
                  aria-haspopup="true"
                  class="md-layover md-layover--simplified md-inline-block md-menu-container context-menu context-menu--proposition"
                  id="justifications-page--root-target--menu"
                >
                  <button
                    class="md-btn md-btn--icon md-pointer--hover md-inline-block"
                    id="justifications-page--root-target--menu-toggle"
                    type="button"
                  >
                    <div
                      class="md-ink-container"
                    />
                    <i
                      class="md-icon material-icons md-text--inherit"
                    >
                      more_vert
                    </i>
                  </button>
                </div>
              </div>
              <div
                class="chips-list"
                style="position: relative;"
              >
                <button
                  class="md-btn md-btn--icon md-pointer--hover md-inline-block"
                  title="Add tag"
                  type="button"
                >
                  <div
                    class="md-ink-container"
                  />
                  <i
                    class="md-icon material-icons md-text--inherit"
                  >
                    add
                  </i>
                </button>
              </div>
            </section>
          </div>
        </div>
      </div>
      <div
        class="md-cell md-cell--12 cell--centered-contents"
      >
        <div>
          No justifications.
        </div>
      </div>
      <div
        class="md-cell md-cell--12 cell--centered-contents"
      >
        <button
          class="md-btn md-btn--flat md-btn--text md-pointer--hover md-text md-inline-block"
          type="button"
        >
          <div
            class="md-ink-container"
          />
          Add one now
        </button>
      </div>
    </div>
    <div
      class="md-grid--bottom md-grid"
    >
      <div
        class="md-cell md-cell--6 md-cell--8-tablet md-cell--4-phone proposition-justifications-justification-trees--positive"
        style="position: relative;"
      />
      <div
        class="md-cell md-cell--6 md-cell--8-tablet md-cell--4-phone proposition-justifications-justification-trees--negative"
        style="position: relative;"
      />
    </div>
  </div>
</div>
`;
