// Jest Snapshot v1, https://goo.gl/fbAQLP

exports[`CreatePropositionPage (with fake timers) renders correctly with query params 1`] = `
<div>
  <div
    id="edit-proposition-justification-page"
  >
    <form>
      <div
        class="md-grid"
      >
        <div
          class="rmd-card rmd-card--shadowed md-cell md-cell--12"
        >
          <header
            class="rmd-card__header rmd-card__header--center"
          >
            <span
              class="rmd-card__header-content"
            >
              <h5
                class="rmd-card__title"
              >
                Justify proposition
              </h5>
            </span>
          </header>
          <div
            class="rmd-card__content rmd-card__content--padded rmd-card__content--extra-padding rmd-card__content--remove-margin"
          >
            <button
              class="rmd-button rmd-button--text rmd-button--text-primary"
              title="Add Speaker"
              type="button"
            >
              <i
                aria-hidden="true"
                class="rmd-icon rmd-icon--font material-icons rmd-icon--before"
              >
                person_add
              </i>
              Add Speaker
              <span
                class="rmd-ripple-container"
              />
            </button>
          </div>
          <div
            class="rmd-card__content rmd-card__content--padded rmd-card__content--extra-padding rmd-card__content--remove-margin"
          >
            <div>
              <ul
                class="error-message"
              />
              <div
                style="display: flex; align-items: center;"
              >
                <div
                  class="rmd-field-message-container"
                >
                  <div
                    aria-expanded="false"
                    aria-haspopup="listbox"
                    aria-owns="create-proposition-page--proposition--text-listbox"
                    class="rmd-text-field-container rmd-text-field-container--hoverable rmd-text-field-container--label rmd-text-field-container--underline rmd-text-field-container--underline-labelled rmd-text-field-container--underline-active rmd-text-field-container--underline-left rmd-textarea-container rmd-textarea-container--animate rmd-textarea-container--cursor rmd-autocomplate api-autocomplete"
                    id="create-proposition-page--proposition--text-combobox"
                    role="combobox"
                    style="flex-grow: 1;"
                  >
                    <label
                      class="rmd-label rmd-label--active rmd-floating-label rmd-floating-label--active"
                      for="create-proposition-page--proposition--text"
                    >
                      Text
                    </label>
                    <div
                      class="rmd-textarea-container__inner rmd-textarea-container__inner--animate"
                    >
                      <textarea
                        aria-activedescendant=""
                        aria-autocomplete="list"
                        aria-controls="create-proposition-page--proposition--text-combobox"
                        autocomplete="off"
                        class="rmd-textarea rmd-textarea--floating rmd-textarea--rn"
                        id="create-proposition-page--proposition--text"
                        maxlength="512"
                        name="proposition.text"
                        required=""
                        rows="1"
                      />
                      <textarea
                        aria-hidden="true"
                        class="rmd-textarea rmd-textarea--rn rmd-textarea--mask rmd-textarea--floating"
                        id="create-proposition-page--proposition--text-mask"
                        readonly=""
                        rows="1"
                        tabindex="-1"
                      />
                    </div>
                  </div>
                  <div
                    aria-live="polite"
                    class="rmd-form-message rmd-form-message--outline"
                    id="create-proposition-page--proposition--text-message"
                  >
                    <span
                      class="rmd-form-message__counter"
                      id="create-proposition-page--proposition--text-message-counter"
                    >
                      0 / 512
                    </span>
                  </div>
                </div>
                <input
                  style="display: none;"
                  type="submit"
                />
              </div>
            </div>
            <div
              class="chips-list"
            >
              <div
                style="display: flex; align-items: center;"
              >
                <div
                  class="rmd-field-message-container"
                >
                  <div
                    aria-expanded="false"
                    aria-haspopup="listbox"
                    aria-owns="create-proposition-page--tags--tag-name-listbox"
                    class="rmd-text-field-container rmd-text-field-container--hoverable rmd-text-field-container--label rmd-text-field-container--underline rmd-text-field-container--underline-labelled rmd-text-field-container--underline-left rmd-textarea-container rmd-textarea-container--animate rmd-textarea-container--cursor rmd-autocomplate api-autocomplete"
                    id="create-proposition-page--tags--tag-name-combobox"
                    role="combobox"
                    style="flex-grow: 1;"
                  >
                    <label
                      class="rmd-label rmd-floating-label"
                      for="create-proposition-page--tags--tag-name"
                    >
                      Tag
                    </label>
                    <div
                      class="rmd-textarea-container__inner rmd-textarea-container__inner--animate"
                    >
                      <textarea
                        aria-activedescendant=""
                        aria-autocomplete="list"
                        aria-controls="create-proposition-page--tags--tag-name-combobox"
                        autocomplete="off"
                        class="rmd-textarea rmd-textarea--floating rmd-textarea--rn"
                        id="create-proposition-page--tags--tag-name"
                        maxlength="64"
                        name="tagName"
                        rows="1"
                      />
                      <textarea
                        aria-hidden="true"
                        class="rmd-textarea rmd-textarea--rn rmd-textarea--mask rmd-textarea--floating"
                        id="create-proposition-page--tags--tag-name-mask"
                        readonly=""
                        rows="1"
                        tabindex="-1"
                      />
                    </div>
                  </div>
                  <div
                    aria-live="polite"
                    class="rmd-form-message rmd-form-message--outline"
                    id="create-proposition-page--tags--tag-name-message"
                  >
                    <span
                      class="rmd-form-message__counter"
                      id="create-proposition-page--tags--tag-name-message-counter"
                    >
                      0 / 64
                    </span>
                  </div>
                </div>
                <input
                  style="display: none;"
                  type="submit"
                />
              </div>
            </div>
          </div>
          <div
            class="rmd-card__content rmd-card__content--padded rmd-card__content--extra-padding rmd-card__content--remove-margin"
          >
            <div
              class="md-selection-control-container md-switch-container"
            >
              <input
                aria-hidden="true"
                checked=""
                class="md-selection-control-input"
                id="create-proposition-page--do-create-justification"
                name="doCreateJustification"
                type="checkbox"
                value=""
              />
              <label
                class="md-selection-control-label md-pointer--hover md-text"
                for="create-proposition-page--do-create-justification"
              >
                <div
                  class="md-switch-track md-pointer--hover md-switch-track--on"
                >
                  <div
                    aria-checked="true"
                    aria-labelledby="create-proposition-page--do-create-justification-label"
                    aria-pressed="false"
                    class="md-fake-btn md-pointer--hover md-fake-btn--no-outline md-switch-thumb md-switch-thumb--on"
                    role="checkbox"
                    tabindex="0"
                  >
                    <div
                      class="md-ink-container md-ink-container--2x"
                    />
                  </div>
                </div>
                <span
                  id="create-proposition-page--do-create-justification-label"
                >
                  Create justification
                </span>
              </label>
            </div>
          </div>
          <header
            class="rmd-card__header rmd-card__header--center"
          >
            <span
              class="rmd-card__header-content"
            >
              <h5
                class="rmd-card__title"
                title="Justification"
              />
            </span>
          </header>
          <div
            class="rmd-card__content rmd-card__content--padded rmd-card__content--extra-padding rmd-card__content--remove-margin"
          >
            <div>
              <div
                class=""
              >
                <fieldset
                  class="md-selection-control-group"
                >
                  <div
                    class="md-selection-control-container md-selection-control-container--inline"
                    title="Support the truth of the proposition"
                  >
                    <input
                      aria-hidden="true"
                      checked=""
                      class="md-selection-control-input"
                      id="create-proposition-page--justification--polarity0"
                      name="justification.polarity"
                      type="radio"
                      value="POSITIVE"
                    />
                    <label
                      class="md-selection-control-label md-pointer--hover md-text"
                      for="create-proposition-page--justification--polarity0"
                    >
                      <div
                        aria-checked="true"
                        aria-describedby="create-proposition-page--justification--polarity-group-label"
                        aria-labelledby="create-proposition-page--justification--polarity0-label"
                        aria-pressed="false"
                        class="md-fake-btn md-pointer--hover md-fake-btn--no-outline md-selection-control-toggle md-btn md-btn--icon md-text--theme-secondary"
                        role="radio"
                        tabindex="0"
                      >
                        <div
                          class="md-ink-container"
                        />
                        <i
                          class="md-icon material-icons md-text--inherit"
                        >
                          radio_button_checked
                        </i>
                      </div>
                      <span
                        id="create-proposition-page--justification--polarity0-label"
                      >
                        Supporting
                      </span>
                    </label>
                  </div>
                  <div
                    class="md-selection-control-container md-selection-control-container--inline"
                    title="Oppose the truth of the proposition"
                  >
                    <input
                      aria-hidden="true"
                      class="md-selection-control-input"
                      id="create-proposition-page--justification--polarity1"
                      name="justification.polarity"
                      type="radio"
                      value="NEGATIVE"
                    />
                    <label
                      class="md-selection-control-label md-pointer--hover md-text"
                      for="create-proposition-page--justification--polarity1"
                    >
                      <div
                        aria-checked="false"
                        aria-describedby="create-proposition-page--justification--polarity-group-label"
                        aria-labelledby="create-proposition-page--justification--polarity1-label"
                        aria-pressed="false"
                        class="md-fake-btn md-pointer--hover md-fake-btn--no-outline md-selection-control-toggle md-btn md-btn--icon md-text--secondary"
                        role="radio"
                        tabindex="-1"
                      >
                        <div
                          class="md-ink-container"
                        />
                        <i
                          class="md-icon material-icons md-text--inherit"
                        >
                          radio_button_unchecked
                        </i>
                      </div>
                      <span
                        id="create-proposition-page--justification--polarity1-label"
                      >
                        Opposing
                      </span>
                    </label>
                  </div>
                </fieldset>
              </div>
              <hr
                class="rmd-divider"
                role="separator"
              />
              <h6
                class="rmd-typography rmd-typography--subtitle-1"
              >
                Type
              </h6>
              <div
                class=""
              >
                <fieldset
                  class="md-selection-control-group"
                >
                  <div
                    class="md-selection-control-container md-selection-control-container--inline"
                  >
                    <input
                      aria-hidden="true"
                      class="md-selection-control-input"
                      id="create-proposition-page--justification--basis-type0"
                      name="justification.basis.type"
                      type="radio"
                      value="PROPOSITION_COMPOUND"
                    />
                    <label
                      class="md-selection-control-label md-pointer--hover md-text"
                      for="create-proposition-page--justification--basis-type0"
                    >
                      <div
                        aria-checked="false"
                        aria-describedby="create-proposition-page--justification--basis-type-group-label"
                        aria-labelledby="create-proposition-page--justification--basis-type0-label"
                        aria-pressed="false"
                        class="md-fake-btn md-pointer--hover md-fake-btn--no-outline md-selection-control-toggle md-btn md-btn--icon md-text--secondary"
                        role="radio"
                        tabindex="0"
                      >
                        <div
                          class="md-ink-container"
                        />
                        <i
                          class="md-icon material-icons md-text--inherit"
                        >
                          radio_button_unchecked
                        </i>
                      </div>
                      <span
                        id="create-proposition-page--justification--basis-type0-label"
                      >
                        <div
                          title="An argument based on an ordered list of propositions"
                        >
                          Proposition(s)
                        </div>
                      </span>
                    </label>
                  </div>
                  <div
                    class="md-selection-control-container md-selection-control-container--inline"
                  >
                    <input
                      aria-hidden="true"
                      class="md-selection-control-input"
                      id="create-proposition-page--justification--basis-type1"
                      name="justification.basis.type"
                      type="radio"
                      value="MEDIA_EXCERPT"
                    />
                    <label
                      class="md-selection-control-label md-pointer--hover md-text"
                      for="create-proposition-page--justification--basis-type1"
                    >
                      <div
                        aria-checked="false"
                        aria-describedby="create-proposition-page--justification--basis-type-group-label"
                        aria-labelledby="create-proposition-page--justification--basis-type1-label"
                        aria-pressed="false"
                        class="md-fake-btn md-pointer--hover md-fake-btn--no-outline md-selection-control-toggle md-btn md-btn--icon md-text--secondary"
                        role="radio"
                        tabindex="-1"
                      >
                        <div
                          class="md-ink-container"
                        />
                        <i
                          class="md-icon material-icons md-text--inherit"
                        >
                          radio_button_unchecked
                        </i>
                      </div>
                      <span
                        id="create-proposition-page--justification--basis-type1-label"
                      >
                        <div
                          title="Evidence based on an excerpt of an external media source"
                        >
                          Media Excerpt
                        </div>
                      </span>
                    </label>
                  </div>
                </fieldset>
              </div>
              <hr
                class="rmd-divider"
                role="separator"
              />
              <div
                class="writ-quote-editor-fields"
              >
                <div
                  class="rmd-text-field-container rmd-text-field-container--outline rmd-text-field-container--hoverable rmd-text-field-container--label rmd-textarea-container rmd-textarea-container--animate rmd-textarea-container--cursor"
                >
                  <label
                    class="rmd-label rmd-floating-label rmd-floating-label--active rmd-floating-label--inactive"
                    for="create-proposition-page--justification--basis-writ-quote--quote-text"
                  >
                    Quote
                  </label>
                  <div
                    class="rmd-textarea-container__inner rmd-textarea-container__inner--animate"
                  >
                    <textarea
                      class="rmd-textarea rmd-textarea--floating rmd-textarea--rn"
                      id="create-proposition-page--justification--basis-writ-quote--quote-text"
                      maxlength="4096"
                      name="justification.basis.writQuote.quoteText"
                      rows="2"
                    >
                      An important conclusion.
                    </textarea>
                    <textarea
                      aria-hidden="true"
                      class="rmd-textarea rmd-textarea--rn rmd-textarea--mask rmd-textarea--floating"
                      id="create-proposition-page--justification--basis-writ-quote--quote-text-mask"
                      readonly=""
                      rows="2"
                      tabindex="-1"
                    >
                      An important conclusion.
                    </textarea>
                  </div>
                </div>
                <div
                  class="writ-editor-fields"
                >
                  <div
                    style="display: flex; align-items: center;"
                  >
                    <div
                      class="rmd-field-message-container"
                    >
                      <div
                        aria-expanded="false"
                        aria-haspopup="listbox"
                        aria-owns="create-proposition-page--justification--basis-writ-quote--writ--title-listbox"
                        class="rmd-text-field-container rmd-text-field-container--hoverable rmd-text-field-container--label rmd-text-field-container--underline rmd-text-field-container--underline-labelled rmd-text-field-container--underline-left rmd-textarea-container rmd-textarea-container--animate rmd-textarea-container--cursor rmd-autocomplate api-autocomplete"
                        id="create-proposition-page--justification--basis-writ-quote--writ--title-combobox"
                        role="combobox"
                        style="flex-grow: 1;"
                      >
                        <label
                          class="rmd-label rmd-floating-label rmd-floating-label--active rmd-floating-label--inactive"
                          for="create-proposition-page--justification--basis-writ-quote--writ--title"
                        >
                          Title
                        </label>
                        <div
                          class="rmd-textarea-container__inner rmd-textarea-container__inner--animate"
                        >
                          <textarea
                            aria-activedescendant=""
                            aria-autocomplete="list"
                            aria-controls="create-proposition-page--justification--basis-writ-quote--writ--title-combobox"
                            autocomplete="off"
                            class="rmd-textarea rmd-textarea--floating rmd-textarea--rn"
                            id="create-proposition-page--justification--basis-writ-quote--writ--title"
                            maxlength="512"
                            minlength="1"
                            name="justification.basis.writQuote.writ.title"
                            required=""
                            rows="1"
                          >
                            A credible source
                          </textarea>
                          <textarea
                            aria-hidden="true"
                            class="rmd-textarea rmd-textarea--rn rmd-textarea--mask rmd-textarea--floating"
                            id="create-proposition-page--justification--basis-writ-quote--writ--title-mask"
                            readonly=""
                            rows="1"
                            tabindex="-1"
                          >
                            A credible source
                          </textarea>
                        </div>
                      </div>
                      <div
                        aria-live="polite"
                        class="rmd-form-message rmd-form-message--outline"
                        id="create-proposition-page--justification--basis-writ-quote--writ--title-message"
                      >
                        <span
                          class="rmd-form-message__counter"
                          id="create-proposition-page--justification--basis-writ-quote--writ--title-message-counter"
                        >
                          17 / 512
                        </span>
                      </div>
                    </div>
                    <input
                      style="display: none;"
                      type="submit"
                    />
                  </div>
                </div>
                <div
                  style="display: flex;"
                >
                  <div
                    class="rmd-text-field-container rmd-text-field-container--outline rmd-text-field-container--hoverable rmd-text-field-container--label rmd-text-field-container--outline-left writ-quote-url-input"
                    style="flex-grow: 1;"
                  >
                    <span
                      class="rmd-text-field-addon rmd-text-field-addon--presentational"
                    >
                      <span
                        class="material-symbols"
                      >
                        link
                      </span>
                    </span>
                    <label
                      class="rmd-label rmd-floating-label rmd-floating-label--active rmd-floating-label--inactive"
                      for="create-proposition-page--justification--basis-writ-quote--urls-0--url"
                    >
                      URL
                    </label>
                    <input
                      aria-label="url"
                      class="rmd-text-field rmd-text-field--floating"
                      id="create-proposition-page--justification--basis-writ-quote--urls-0--url"
                      name="justification.basis.writQuote.urls[0].url"
                      type="url"
                      value="https://www.info.com"
                    />
                  </div>
                  <button
                    class="rmd-button rmd-button--icon rmd-button--text-primary"
                    type="button"
                  >
                    <i
                      aria-hidden="true"
                      class="rmd-icon rmd-icon--font material-icons"
                    >
                      delete
                    </i>
                    <span
                      class="rmd-ripple-container"
                    />
                  </button>
                </div>
                <button
                  class="rmd-button rmd-button--text rmd-button--text-primary add-button"
                  type="button"
                >
                  <i
                    aria-hidden="true"
                    class="rmd-icon rmd-icon--font material-icons rmd-icon--before"
                  >
                    add
                  </i>
                  Add URL
                  <span
                    class="rmd-ripple-container"
                  />
                </button>
              </div>
            </div>
          </div>
          <div
            class="rmd-card__actions"
          >
            <button
              class="rmd-button rmd-button--text rmd-button--text-primary"
              type="button"
            >
              Cancel
              <span
                class="rmd-ripple-container"
              />
            </button>
            <button
              aria-disabled="true"
              class="rmd-button rmd-button--text rmd-button--contained rmd-button--disabled"
              title="A proposition is only as good as its justification"
              type="submit"
            >
              Create
              <span
                class="rmd-ripple-container"
              />
            </button>
          </div>
        </div>
      </div>
    </form>
  </div>
</div>
`;
